// Jest Snapshot v1, https://goo.gl/fbAQLP

exports[`renders correctly 1`] = `
<div
  onClick={[Function]}
  onKeyPress={[Function]}
>
  <img
    alt="altImageDes"
    className="someClass"
    role="button"
    src="someSource"
    style={
      Object {
        "maxWidth": "100%",
      }
    }
    tabIndex="0"
  />
  <span
    style={
      Object {
        "display": "block",
        "paddingBottom": ".4em",
        "textAlign": "center",
      }
    }
  >
    Click to expand
  </span>
</div>
`;
