// Jest Snapshot v1, https://goo.gl/fbAQLP

exports[`HomePageSearchDiscovery component DOM snapshot test 1`] = `
<div
  id="discovery-homepage-search-react-component"
>
  <form
    action="https://discovery.nationalarchives.gov.uk/results/r"
    id="discoveryHomePageSearch"
    method="get"
    name="discoveryHomePageSearch"
    onSubmit={[Function]}
  >
    <div
      className="grid-container"
      role="search"
    >
      <div
        className="Headline"
      >
        <h1>
          Search The National Archives and over 2,500 archives across the UK
        </h1>
        <div
          class={null}
          role="alert"
        />
      </div>
      <div
        className="MainSearch"
      >
        <label>
          Show
        </label>
        <input
          className={null}
          id="search-all-collections"
          name="_q"
          onChange={[Function]}
          onKeyUp={[Function]}
          placeholder="everything that contains these terms"
          type="text"
        />
      </div>
      <div
        className="InputBetween"
      >
        <label>
          between
        </label>
        <input
          className={null}
          id="start-date"
          name="_sd"
          onChange={[Function]}
          onKeyUp={[Function]}
          placeholder="YYYY"
          type="number"
        />
      </div>
      <div
        className="InputAnd"
      >
        <label>
          and
        </label>
        <input
          className={null}
          id="end-date"
          name="_ed"
          onChange={[Function]}
          onKeyUp={[Function]}
          placeholder="YYYY"
          type="number"
        />
      </div>
      <div
        className="InputAcross"
      >
        <label>
          across
        </label>
        <select
          id="held-by"
          name="_hb"
        >
          <option
            value=""
          >
            All records
          </option>
          <option
            value="tna"
          >
            The National Archives only
          </option>
          <option
            value="oth"
          >
            Other archives only
          </option>
        </select>
      </div>
      <div
        className="Search"
      >
        <input
          name="_dhs"
          type="hidden"
        />
        <button
          type="submit"
        >
          Search
        </button>
      </div>
      <div
        className="MoreOptions"
      >
        <a
          href="https://discovery.nationalarchives.gov.uk/advanced-search"
        >
          More options
        </a>
         
        or 
        <a
          href="https://discovery.nationalarchives.gov.uk/browse"
        >
          Browse
        </a>
      </div>
    </div>
  </form>
</div>
`;
